{
  "version": "1.5.0",
  "plugins_used": [
    {
      "name": "ArtifactoryDetector"
    },
    {
      "name": "AWSKeyDetector"
    },
    {
      "name": "AzureStorageKeyDetector"
    },
    {
      "name": "Base64HighEntropyString",
      "limit": 4.5
    },
    {
      "name": "BasicAuthDetector"
    },
    {
      "name": "CloudantDetector"
    },
    {
      "name": "DiscordBotTokenDetector"
    },
    {
      "name": "GitHubTokenDetector"
    },
    {
      "name": "GitLabTokenDetector"
    },
    {
      "name": "HexHighEntropyString",
      "limit": 3.0
    },
    {
      "name": "IbmCloudIamDetector"
    },
    {
      "name": "IbmCosHmacDetector"
    },
    {
      "name": "IPPublicDetector"
    },
    {
      "name": "JwtTokenDetector"
    },
    {
      "name": "KeywordDetector",
      "keyword_exclude": ""
    },
    {
      "name": "MailchimpDetector"
    },
    {
      "name": "NpmDetector"
    },
    {
      "name": "OpenAIDetector"
    },
    {
      "name": "PrivateKeyDetector"
    },
    {
      "name": "PypiTokenDetector"
    },
    {
      "name": "SendGridDetector"
    },
    {
      "name": "SlackDetector"
    },
    {
      "name": "SoftlayerDetector"
    },
    {
      "name": "SquareOAuthDetector"
    },
    {
      "name": "StripeDetector"
    },
    {
      "name": "TelegramBotTokenDetector"
    },
    {
      "name": "TwilioKeyDetector"
    }
  ],
  "filters_used": [
    {
      "path": "detect_secrets.filters.allowlist.is_line_allowlisted"
    },
    {
      "path": "detect_secrets.filters.common.is_ignored_due_to_verification_policies",
      "min_level": 2
    },
    {
      "path": "detect_secrets.filters.heuristic.is_indirect_reference"
    },
    {
      "path": "detect_secrets.filters.heuristic.is_likely_id_string"
    },
    {
      "path": "detect_secrets.filters.heuristic.is_lock_file"
    },
    {
      "path": "detect_secrets.filters.heuristic.is_not_alphanumeric_string"
    },
    {
      "path": "detect_secrets.filters.heuristic.is_potential_uuid"
    },
    {
      "path": "detect_secrets.filters.heuristic.is_prefixed_with_dollar_sign"
    },
    {
      "path": "detect_secrets.filters.heuristic.is_sequential_string"
    },
    {
      "path": "detect_secrets.filters.heuristic.is_swagger_file"
    },
    {
      "path": "detect_secrets.filters.heuristic.is_templated_secret"
    },
    {
      "path": "detect_secrets.filters.regex.should_exclude_file",
      "pattern": [
        "\\.env",
        "tests/",
        "docs/",
        "\\.example"
      ]
    }
  ],
  "results": {
    ".claude/agents/documentation-agent.md": [
      {
        "type": "Secret Keyword",
        "filename": ".claude/agents/documentation-agent.md",
        "hashed_secret": "ec98198aec33704e2bf76d2d0047dd7d04edcaf6",
        "is_verified": false,
        "line_number": 424
      }
    ],
    ".claude/agents/testing-agent.md": [
      {
        "type": "Secret Keyword",
        "filename": ".claude/agents/testing-agent.md",
        "hashed_secret": "a94a8fe5ccb19ba61c4c0873d391e987982fbbd3",
        "is_verified": false,
        "line_number": 245
      }
    ],
    "CLAUDE.md": [
      {
        "type": "Secret Keyword",
        "filename": "CLAUDE.md",
        "hashed_secret": "3f92a903aa066b815ef678cc53104e8fc1f52e56",
        "is_verified": false,
        "line_number": 358
      }
    ],
    "config/grafana/SETUP_GUIDE.md": [
      {
        "type": "Secret Keyword",
        "filename": "config/grafana/SETUP_GUIDE.md",
        "hashed_secret": "d033e22ae348aeb5660fc2140aec35850c4da997",
        "is_verified": false,
        "line_number": 93
      }
    ],
    "examples/bundles/development_bundle_example.py": [
      {
        "type": "Secret Keyword",
        "filename": "examples/bundles/development_bundle_example.py",
        "hashed_secret": "cbfdac6008f9cab4083784cbd1874f76618d2a97",
        "is_verified": false,
        "line_number": 143
      },
      {
        "type": "Secret Keyword",
        "filename": "examples/bundles/development_bundle_example.py",
        "hashed_secret": "a4b48a81cdab1e1a5dd37907d6c85ca1c61ddc7c",
        "is_verified": false,
        "line_number": 156
      }
    ],
    "frontend/e2e/fixtures/index.ts": [
      {
        "type": "Secret Keyword",
        "filename": "frontend/e2e/fixtures/index.ts",
        "hashed_secret": "f865b53623b121fd34ee5426c792e5c33af8c227",
        "is_verified": false,
        "line_number": 27
      }
    ],
    "frontend/e2e/group14-gdpr-audit.spec.ts": [
      {
        "type": "Hex High Entropy String",
        "filename": "frontend/e2e/group14-gdpr-audit.spec.ts",
        "hashed_secret": "90bd1b48e958257948487b90bee080ba5ed00caa",
        "is_verified": false,
        "line_number": 249
      }
    ],
    "scripts/archive/sprint-13-entity-extraction/diagnose_lightrag_issue.py": [
      {
        "type": "Secret Keyword",
        "filename": "scripts/archive/sprint-13-entity-extraction/diagnose_lightrag_issue.py",
        "hashed_secret": "c7f1eb20d13000d37069f516d77a141968bfdbb0",
        "is_verified": false,
        "line_number": 33
      }
    ],
    "scripts/archive/utils/generate_mcp_token.py": [
      {
        "type": "JSON Web Token",
        "filename": "scripts/archive/utils/generate_mcp_token.py",
        "hashed_secret": "ae2c692a8e53fd1485d8c2ea85c2ed84acf86172",
        "is_verified": false,
        "line_number": 30
      }
    ],
    "scripts/archive/utils/iterative_ingestion_sprint84.py": [
      {
        "type": "Secret Keyword",
        "filename": "scripts/archive/utils/iterative_ingestion_sprint84.py",
        "hashed_secret": "f865b53623b121fd34ee5426c792e5c33af8c227",
        "is_verified": false,
        "line_number": 27
      }
    ],
    "scripts/backfill_relation_types.py": [
      {
        "type": "Secret Keyword",
        "filename": "scripts/backfill_relation_types.py",
        "hashed_secret": "c7f1eb20d13000d37069f516d77a141968bfdbb0",
        "is_verified": false,
        "line_number": 30
      }
    ],
    "scripts/benchmark_extraction_models.sh": [
      {
        "type": "Secret Keyword",
        "filename": "scripts/benchmark_extraction_models.sh",
        "hashed_secret": "f865b53623b121fd34ee5426c792e5c33af8c227",
        "is_verified": false,
        "line_number": 33
      }
    ],
    "scripts/ingest_all_800_samples.py": [
      {
        "type": "Secret Keyword",
        "filename": "scripts/ingest_all_800_samples.py",
        "hashed_secret": "f865b53623b121fd34ee5426c792e5c33af8c227",
        "is_verified": false,
        "line_number": 77
      }
    ],
    "scripts/ingest_phase2_datasets.py": [
      {
        "type": "Secret Keyword",
        "filename": "scripts/ingest_phase2_datasets.py",
        "hashed_secret": "f865b53623b121fd34ee5426c792e5c33af8c227",
        "is_verified": false,
        "line_number": 52
      }
    ],
    "scripts/run_phase2_ragas.py": [
      {
        "type": "Secret Keyword",
        "filename": "scripts/run_phase2_ragas.py",
        "hashed_secret": "f865b53623b121fd34ee5426c792e5c33af8c227",
        "is_verified": false,
        "line_number": 45
      }
    ],
    "scripts/run_ragas_evaluation.py": [
      {
        "type": "Secret Keyword",
        "filename": "scripts/run_ragas_evaluation.py",
        "hashed_secret": "8ed4322e8e2790b8c928d381ce8d07cfd966e909",
        "is_verified": false,
        "line_number": 67
      }
    ],
    "scripts/test_table_routing.py": [
      {
        "type": "Secret Keyword",
        "filename": "scripts/test_table_routing.py",
        "hashed_secret": "f865b53623b121fd34ee5426c792e5c33af8c227",
        "is_verified": false,
        "line_number": 267
      }
    ],
    "scripts/upload_aegis_docs.sh": [
      {
        "type": "Secret Keyword",
        "filename": "scripts/upload_aegis_docs.sh",
        "hashed_secret": "f865b53623b121fd34ee5426c792e5c33af8c227",
        "is_verified": false,
        "line_number": 10
      }
    ],
    "scripts/upload_amnesty_contexts.sh": [
      {
        "type": "Secret Keyword",
        "filename": "scripts/upload_amnesty_contexts.sh",
        "hashed_secret": "f865b53623b121fd34ee5426c792e5c33af8c227",
        "is_verified": false,
        "line_number": 25
      }
    ],
    "scripts/upload_files_3_4_5.sh": [
      {
        "type": "Secret Keyword",
        "filename": "scripts/upload_files_3_4_5.sh",
        "hashed_secret": "f865b53623b121fd34ee5426c792e5c33af8c227",
        "is_verified": false,
        "line_number": 6
      }
    ],
    "scripts/upload_ragas_frontend.sh": [
      {
        "type": "Secret Keyword",
        "filename": "scripts/upload_ragas_frontend.sh",
        "hashed_secret": "f865b53623b121fd34ee5426c792e5c33af8c227",
        "is_verified": false,
        "line_number": 18
      }
    ],
    "scripts/upload_ragas_phase1.sh": [
      {
        "type": "Secret Keyword",
        "filename": "scripts/upload_ragas_phase1.sh",
        "hashed_secret": "f865b53623b121fd34ee5426c792e5c33af8c227",
        "is_verified": false,
        "line_number": 108
      }
    ],
    "scripts/upload_ragas_phase1_resume.sh": [
      {
        "type": "Secret Keyword",
        "filename": "scripts/upload_ragas_phase1_resume.sh",
        "hashed_secret": "f865b53623b121fd34ee5426c792e5c33af8c227",
        "is_verified": false,
        "line_number": 40
      }
    ],
    "scripts/upload_test_doc.sh": [
      {
        "type": "Secret Keyword",
        "filename": "scripts/upload_test_doc.sh",
        "hashed_secret": "f865b53623b121fd34ee5426c792e5c33af8c227",
        "is_verified": false,
        "line_number": 10
      }
    ],
    "src/api/v1/auth.py": [
      {
        "type": "Secret Keyword",
        "filename": "src/api/v1/auth.py",
        "hashed_secret": "f2b14f68eb995facb3a1c35287b778d5bd785511",
        "is_verified": false,
        "line_number": 30
      }
    ],
    "src/api/v1/retrieval.py": [
      {
        "type": "Secret Keyword",
        "filename": "src/api/v1/retrieval.py",
        "hashed_secret": "f865b53623b121fd34ee5426c792e5c33af8c227",
        "is_verified": false,
        "line_number": 960
      }
    ],
    "src/components/mcp/README.md": [
      {
        "type": "Basic Auth Credentials",
        "filename": "src/components/mcp/README.md",
        "hashed_secret": "5baa61e4c9b93f3f0682250b6cf8331b7ee68fd8",
        "is_verified": false,
        "line_number": 460
      }
    ],
    "src/core/chunk.py": [
      {
        "type": "Base64 High Entropy String",
        "filename": "src/core/chunk.py",
        "hashed_secret": "1bc9e1f97e268ed63497182d9e002c5530f48a72",
        "is_verified": false,
        "line_number": 164
      }
    ],
    "src/core/user_store.py": [
      {
        "type": "Secret Keyword",
        "filename": "src/core/user_store.py",
        "hashed_secret": "f2b14f68eb995facb3a1c35287b778d5bd785511",
        "is_verified": false,
        "line_number": 25
      },
      {
        "type": "Secret Keyword",
        "filename": "src/core/user_store.py",
        "hashed_secret": "f42a3fabe1e9bed059d727f47eb752e3aa61b977",
        "is_verified": false,
        "line_number": 66
      }
    ]
  },
  "generated_at": "2026-02-07T13:16:13Z"
}
